ffx/driver.golden
ffx/driver/device.golden
ffx/driver/device/bind.golden
ffx/driver/device/rebind.golden
ffx/driver/device/unbind.golden
ffx/driver/disable.golden
ffx/driver/dump.golden
ffx/driver/list-composite-node-specs.golden
ffx/driver/list-composites.golden
ffx/driver/list-devices.golden
ffx/driver/list-hosts.golden
ffx/driver/list.golden
ffx/driver/register.golden
ffx/driver/restart.golden
ffx/driver/static-checks.golden
ffx/driver/test-node.golden
ffx/driver/test-node/add.golden
ffx/driver/test-node/remove.golden
